# 9.4 函数名的解析

## 9.4 函数名的解析

可以先在用户变量中保存值然后在以后引用它；这样可以将值从一个语句传递到另一个语句。用户变量与连接有关。也就是说，一个客户端定义的变量不能被其它客户端看到或使用。当客户端退出时，该客户端连接的所有变量将自动释放。

用户变量的形式为`@var_name`，其中变量名`var_name`可以由当前字符集的文字数字字符`、‘.’、‘_’`和`‘$’`组成.用户变量也可以由其他用引号引起的字符和标示符组成（如`@'my-var', @"my-var",  @`my-var）

在MySQL5.0以后，用户变量大小写不敏感.

通过`SET`语句指定用户变量：
	SET @var_name= expr[, @var_name= expr] ...

SET，可以用`=`和=：来做赋值操作符.

也可以在SQL语句中给变量赋值，而不是仅仅使用`SET`,在这种情况下，赋值操作符陛下是`=:`而不能是`=`，在非`SET`的SQL语句中`=`被当做比较操作符.

	mysql> SET @t1=1, @t2=2, @t3:=4;
	mysql> SELECT @t1, @t2, @t3, @t4 := @t1+@t2+@t3;
	+------+------+------+--------------------+
	| @t1 | @t2 | @t3 | @t4 := @t1+@t2+@t3 |
	+------+------+------+--------------------+
	| 1 | 2 | 4 | 7 | 
	+------+------+------+--------------------+

用户变量能够被赋予一个值，它的类型是有限的数据类型:整形，十进制数，浮点数，二进制数，或非二进制的字符，或者`NULL`值。十进制和实数的值不保留小数精度的值.除了允许的类型的值，其他的类型值会被转成允许的类型.例如时间或空间类型的值会被转成二进制字符.

如果用户变量被分配以非二进制字符的值，它会拥有和字符一样的字符集和校检字符.用户变量的强制性是隐式的（这同于表列值的强制性）.

字节赋值给用户变量会被当做二进制字符.把一个二进制当做数字分配给用户变量，用`CAST`() 或`+0`:

	mysql> SET @v1 = b'1000001';
	mysql> SET @v2 = CAST(b'1000001' AS UNSIGNED), @v3 = b'1000001'+0;
	mysql> SELECT @v1, @v2, @v3;
	+------+------+------+
	| @v1 | @v2 | @v3 |
	+------+------+------+
	| A | 65 | 65 |
	+------+------+------+

如果在结果集中选中一个用户变量，会被当成一个字符串返回给客户端.

如果你引用的变量还没有初始化,它的值会为`NULL`，并是一个字符串类型.

用户变量可以用于表达式中。目前不包括明显需要文字值的上下文中，例如`SELECT`语句的`LIMIT`子句，或者`LOAD DATA`语句的`IGNORE N LINES`子句.

一般原则,除非是在`SET`语句中，否则不要在语句的一个部分为用户变量分配一个值而在同一语句的使用该变量。例如，增加变量的值，是可以的:

	SET @a = @a + 1;

对于其他的语句，如`SELECT`	，你或许能够得到你期望的结果，但是这不能够保证.在下面的语句中，你也许认为MySQL将会首先获取@a的值，然后进行第二部分的赋值操作:

	SELECT @a, @a:=@a+1, ...;

然而，对涉及用户变量的表达式求值的顺序是不确定的.

设置变量并在同一语句中使用它的另一个问题是变量的默认结果的类型取决于语句前面的变量类型。下面的例子说明了该点：

	mysql> SET @a='test';
	mysql> SELECT @a,(@a:=20) FROM tbl_name;


对于该 SELECT语句，MySQL向客户端报告第1列是一个字符串，并且将@a的所有访问转换为字符串，即使@a在第2行中设置为一个数字。执行完SELECT语句后，@a被视为下一语句的一个数字。

要想避免这种问题，要么不在同一个语句中设置并使用相同的变量，要么在使用前将变量设置为0、0.0或者''以定义其类型。

在`SELECT`语句中，每一个查询语句在发送结果给客户端的时候才会被计算.意味着在`HAVING, GROUP BY, ORDER BY`语句中，引用在查询列表中赋值的变量的值有时不能像我们期望的那样工作:

	mysql> SELECT (@aa:=id) AS a, (@aa+3) AS b FROM tbl_nameHAVING b=5;

在`HAVING`子句中引用的`b`,`b`是对在查询列表中的使用的`@aa`的一个别名,这并不如预期般工作:
`@aa`包含前一个查询行中的`id`值，而不是当前行中的.

用户变量的目的是提供一个数据值，他们不能被当成标示符或者标示符的一部分用在SQL语句中.如在期望是表名或数据名的上下文中，或者如`SELECT`这样的保留字中.即使引号引起的变量也是如此.下面例子:

	mysql> SELECT c1 FROM t;
	+----+
	| c1 |
	+----+
	| 0 |
	+----+
	| 1 |
	+----+
	2 rows in set (0.00 sec)
	mysql> SET @col = "c1";
	Query OK, 0 rows affected (0.00 sec)
	mysql> SELECT @col FROM t;
	+------+
	| @col |
	+------+
	| c1 |
	+------+
	1 row in set (0.00 sec)
	mysql> SELECT `@col` FROM t;
	ERROR 1054 (42S22): Unknown column '@col' in 'field list'
	mysql> SET @col = "`c1`";
	Query OK, 0 rows affected (0.00 sec)
	mysql> SELECT @col FROM t;
	+------+
	| @col |
	+------+
	| `c1` |
	+------+
	1 row in set (0.00 sec)

这种原则的特例是在使用准备语句中，用户变量可以用作语句的任何部分.请看下面的例子:

	mysql> SET @c = "c1";
	Query OK, 0 rows affected (0.00 sec)
	mysql> SET @s = CONCAT("SELECT ", @c, " FROM t");
	Query OK, 0 rows affected (0.00 sec)
	mysql> PREPARE stmt FROM @s;
	Query OK, 0 rows affected (0.04 sec)
	Statement prepared
	mysql> EXECUTE stmt;
	+----+
	| c1 |
	+----+
	| 0 |
	+----+
	| 1 |
	+----+
	2 rows in set (0.00 sec)
	mysql> DEALLOCATE PREPARE stmt;
	Query OK, 0 rows affected (0.00 sec)

更多信息可参阅[Section 13.5, “SQL Syntax for Prepared Statements”]()

类似的可以在应用程序中用程序变量来构造SQL语句,如在PHP 5中：

	<?php
	$mysqli = new mysqli("localhost", "user", "pass", "test");
	if( mysqli_connect_errno() )
	die("Connection failed: %s\n", mysqli_connect_error());
	$col = "c1";
	$query = "SELECT $col FROM t";
	$result = $mysqli->query($query);
	while($row = $result->fetch_assoc())
	{
	echo "<p>" . $row["$col"] . "</p>\n";
	}
	$result->close();
	$mysqli->close();
	?>

用这种形式来组织SQL语句就叫动态SQL.



