##12.11. XML函数
####表12.15 XML函数  
<table summary="XML Functions" border="1"><colgroup><col class="name"><col class="description"></colgroup><thead><tr><th scope="col">Name</th><th scope="col">Description</th></tr></thead><tbody><tr><td scope="row"><a class="link" href="xml-functions.html#function_extractvalue"><code class="literal">ExtractValue()</code></a></td><td>Extracts a value from an XML string using XPath notation</td></tr><tr><td scope="row"><a class="link" href="xml-functions.html#function_updatexml"><code class="literal">UpdateXML()</code></a></td><td>Return replaced XML fragment</td></tr></tbody></table>

这一节主要讨论MySQL中的XML和相关函数。

>注意  
>可以通过客户端[mysql][mysql-url]和[mysqldump][mysqldump-url]使用`--xml`选项从MySQL中获取XML格式的数据。参见4.5.1小节，"mysql — The MySQL Command-Line Tool",和4.5.4小节，"mysqldump — A Database Backup Program"。

可以使用两个提供了XPath1.0（XML Path Language，version1.0）功能的函数来操作XML数据。稍后在本节会有关于XPath的语法和用法的基础内容，但是更加深入的内容超过了手册所讨论的内容，关于XPath的更多内容，可以看见[ XML Path Language (XPath) 1.0 standard][xpath-url]。对于XPath新手和那些希望再次学习XPath基础知识的人来说，[Zvon.org XPath Tutorial][zvon-org-xpath]是一个非常有价值的。
>注意
>这些函数仍在开发中。我们正在持续改善MySQL5.6和后续版本的XML和XPath功能的方方面面。你可以在[MySQL XML User Forum][mysql-xml-user-forum]论坛上讨论，问问题并且获取论坛其他用户的帮助。

使用MySQL的XML函数的XPath表达式支持用户变量和本地存储的程序变量。用户变量是弱类型；本地存储的程序变量是强制类型检查的（参见Bug#26518）：    

  * ****用户变量(弱检查)****：使用`$@variable_name`(即用户变量)语法的用户变量不会被检查。假如一个变量类型错误或者没有赋值，并不会产生警告或者错误。这同时也意味着，用户必须检查这些的错误，因为这些错误并不会产生警告，例如，将`$@myvariable`写成`$@myvairable`不会有错误警告。  
  例子：  

		mysql> SET @xml = '<a><b>X</b><b>Y</b></a>';
		Query OK, 0 rows affected (0.00 sec)

		mysql> SET @i =1, @j = 2;
		Query OK, 0 rows affected (0.00 sec)

		mysql> SELECT @i, ExtractValue(@xml, '//b[$@i]');
		+------+--------------------------------+
		|   @i | ExtractValue(@xml, '//b[$@i]') |
		+------+--------------------------------+
		|   1  | X                              |
		+------+--------------------------------+
		1 row in set (0.00 sec)

		mysql> SELECT @j, ExtractValue(@xml, '//b[$@j]');
		+------+--------------------------------+
		|   @j | ExtractValue(@xml, '//b[$@j]') |
		+------+--------------------------------+
		|   2  | Y                              |
		+------+--------------------------------+
		1 row in set (0.00 sec)
		
		mysql> SELECT @k, ExtractValue(@xml, '//b[$@k]');
		+------+--------------------------------+
		| @k   | ExtractValue(@xml, '//b[$@k]') |
		+------+--------------------------------+
		| NULL |                                |
		+------+--------------------------------+
		1 row in set (0.00 sec)

* ****在存储程序中的用户变量**** 变量可以使用`$variable_name`语法声明，并且在XML函数被调用的使用与这些函数一起使用。这类变量在所定义存储程序中是局部变量，并且对于变量的类型和值都是强制检查的。  
例子：
		
		mysql> DELIMITER |
		
		mysql> CREATE PROCEDURE myproc ()
		    -> BEGIN
		    ->   DECLARE i INT DEFAULT 1;
		    ->   DECLARE xml VARCHAR(25) DEFAULT '<a>X</a><a>Y</a><a>Z</a>';
		    ->
		    ->   WHILE i < 4 DO
		    ->     SELECT xml, i, ExtractValue(xml, '//a[$i]');
		    ->     SET i = i+1;
		    ->   END WHILE;
		    -> END |
		Query OK, 0 rows affected (0.01 sec)
		
		mysql> DELIMITER ;
		
		mysql> CALL myproc;
		+--------------------------+---+------------------------------+
		| xml                      | i | ExtractValue(xml, '//a[$i]') |
		+--------------------------+---+------------------------------+
		| <a>X</a><a>Y</a><a>Z</a> | 1 | X                            |
		+--------------------------+---+------------------------------+
		1 row in set (0.00 sec)
		
		+--------------------------+---+------------------------------+
		| xml                      | i | ExtractValue(xml, '//a[$i]') |
		+--------------------------+---+------------------------------+
		| <a>X</a><a>Y</a><a>Z</a> | 2 | Y                            |
		+--------------------------+---+------------------------------+
		1 row in set (0.01 sec)
		
		+--------------------------+---+------------------------------+
		| xml                      | i | ExtractValue(xml, '//a[$i]') |
		+--------------------------+---+------------------------------+
		| <a>X</a><a>Y</a><a>Z</a> | 3 | Z                            |
		+--------------------------+---+------------------------------+
		1 row in set (0.01 sec)  
****参数**** 存储程序中的XPath表达式使用的变量以参数的形式传递，并且接收强制检查。

包含用户变量或程序存储变量的表达式必须遵循XPath表达是的变量包含规则，这些规则在XPath1.0规范中。  
>注意  
>目前，用于存储XPath表达式的用户变量被当做空字符串处理。所以，使用用户变量存储XPath表达式是不能实现的。

* `ExtractValue(xml_frag, xpath_expr)`  
`ExtractValue()`函数有两个字符串参数，其中参数`xml_frag`是XML标记，`xpath_expr`（定位XML）是XPath表达式。这个函数返回第一个与XPath表达式匹配的节点的第一个文本子节点。在MySQL5.6.6或者之前的的版本中，XPath表达式至多包含127个字符，这个限制在MySQL5.6.7中被提升了。（Bug#13007062,Bug#62429）

使用这个函数等同于在`xpath_expr`之后增加`/text()`执行一个匹配。也就是调用`ExtractValue('<a><b>Sakila</b></a>', '/a/b')`和`ExtractValue('<a><b>Sakila</b></a>', '/a/b/text()')`会返回一样的结果。

假如匹配到了多个结果，每个匹配元素的第一个子文本节点的内容将会作为一个使用空格分隔的、单一的字符串返回。

假如没有匹配到任何节点信息（包括使用`/text()`），只要`xpath_expr`是正确的，并且`xml_frag`包含正确嵌套和闭合的元素，就会返回一个空字符串。对于空元素的匹配和没有匹配这两种情况，返回的结果没有区别。MySQL是这样设计的。

加入需要确定是否是`xml_frag`中没有匹配到元素还是这样的元素匹配到了，但是不包含子文本节点，可以使用XPath `count()`函数测试任何表达式的结果。例如，如下这些语句都返回一个空字符串： 
  
		mysql> SELECT ExtractValue('<a><b/></a>', '/a/b');
		+-------------------------------------+
		| ExtractValue('<a><b/></a>', '/a/b') |
		+-------------------------------------+
		|                                     |
		+-------------------------------------+
		1 row in set (0.00 sec)
		
		mysql> SELECT ExtractValue('<a><c/></a>', '/a/b');
		+-------------------------------------+
		| ExtractValue('<a><c/></a>', '/a/b') |
		+-------------------------------------+
		|                                     |
		+-------------------------------------+
		1 row in set (0.00 sec)

可以使用如下方法确定是否存在匹配：

		mysql> SELECT ExtractValue('<a><b/></a>', 'count(/a/b)');
		+-------------------------------------+
		| ExtractValue('<a><b/></a>', 'count(/a/b)') |
		+-------------------------------------+
		| 1                                   |
		+-------------------------------------+
		1 row in set (0.00 sec)
		
		mysql> SELECT ExtractValue('<a><c/></a>', 'count(/a/b)');
		+-------------------------------------+
		| ExtractValue('<a><c/></a>', 'count(/a/b)') |
		+-------------------------------------+
		| 0                                   |
		+-------------------------------------+
		1 row in set (0.01 sec)

>****重要****
>`ExtractValue()`只返回文本数据，并且既不不返回任何标签(可能包含一个与之匹配的标签)，也不返回任何标签的内容（参见如下例子中返回的结果）。  
```sql
		mysql> SELECT
		    ->   ExtractValue('<a>ccc<b>ddd</b></a>', '/a') AS val1,
		    ->   ExtractValue('<a>ccc<b>ddd</b></a>', '/a/b') AS val2,
		    ->   ExtractValue('<a>ccc<b>ddd</b></a>', '//b') AS val3,
		    ->   ExtractValue('<a>ccc<b>ddd</b></a>', '/b') AS val4,
		    ->   ExtractValue('<a>ccc<b>ddd</b><b>eee</b></a>', '//b') AS val5;
		
		+------+------+------+------+---------+
		| val1 | val2 | val3 | val4 | val5    |
		+------+------+------+------+---------+
		| ccc  | ddd  | ddd  |      | ddd eee |
		+------+------+------+------+---------+
```

This function uses the current SQL collation for making comparisons with contains(), performing the same collation aggregation as other string functions (such as CONCAT()), in taking into account the collation coercibility of their arguments; see Section 10.1.7.5, “Collation of Expressions”, for an explanation of the rules governing this behavior.
这个函数使用当前的SQL排序规则类似于`contains()`函数，执行执行相同的排序规则聚集类似其他字符串函数（如`CONCAT()`），并考虑了排序参数的可压缩性，参见[10.1.7.5节 "Collation of Expressions"][10-1-7-5-collation-of-exp]，获取支配这种行为的规则的更详细的解释。

(在前面，经常使用二进制类型的比较，这是一种大小写敏感的方式。)

如果参数`xml_frag`包含没有适当的嵌套货闭合的标签，则该函数会返回`NULL`值，并且会产生警告信息，如下例子：  
```sql

	mysql> SELECT ExtractValue('<a>c</a><b', '//a');
	+-----------------------------------+
	| ExtractValue('<a>c</a><b', '//a') |
	+-----------------------------------+
	| NULL                              |
	+-----------------------------------+
	1 row in set, 1 warning (0.00 sec)
	
	mysql> SHOW WARNINGS;
	+---------+------+-------------------------------------------------------------------------------------------+
	| Level   | Code | Message                                                                                   |
	+---------+------+-------------------------------------------------------------------------------------------+
	| Warning | 1523 | Incorrect XML value: 'parse error at line 1 pos 11: END-OF-INPUT unexpected ('>' wanted)' |
	+---------+------+-------------------------------------------------------------------------------------------+
	1 row in set (0.00 sec)
	
	mysql> SELECT ExtractValue('<a>c</a><b/>', '//a');
	+-------------------------------------+
	| ExtractValue('<a>c</a><b/>', '//a') |
	+-------------------------------------+
	| c                                   |
	+-------------------------------------+
	1 row in set (0.00 sec)
```

* `UpdateXML(xml_target, xpath_expr, new_xml)`

这个函数将一个给定的XML标记`xml_target`的一个片段替换为一个新的XML片段即`new_xml`，并且返回被替换后的XML。`xml_target`被替换的部分匹配用户指定的用户指定的XPath表达式`xpath_expr`。在MySQL5.6.6或者之前的的版本中，XPath表达式至多包含127个字符，这个限制在MySQL5.6.7中被提升了。（Bug#13007062,Bug#62429）

如果没有与`xpath_expr`匹配的字符串，或者有多个匹配的字符串，这个函数返回原始的`xml_target`。这三个参数都是字符串。  
```sql

	mysql> SELECT
	    ->   UpdateXML('<a><b>ccc</b><d></d></a>', '/a', '<e>fff</e>') AS val1,
	    ->   UpdateXML('<a><b>ccc</b><d></d></a>', '/b', '<e>fff</e>') AS val2,
	    ->   UpdateXML('<a><b>ccc</b><d></d></a>', '//b', '<e>fff</e>') AS val3,
	    ->   UpdateXML('<a><b>ccc</b><d></d></a>', '/a/d', '<e>fff</e>') AS val4,
	    ->   UpdateXML('<a><d></d><b>ccc</b><d></d></a>', '/a/d', '<e>fff</e>') AS val5
	    -> \G
	
	*************************** 1. row ***************************
	val1: <e>fff</e>
	val2: <a><b>ccc</b><d></d></a>
	val3: <a><e>fff</e><d></d></a>
	val4: <a><b>ccc</b><e>fff</e></a>
	val5: <a><d></d><b>ccc</b><d></d></a>
```
>****注意****  
>对XPath语法和用法的讨论超出了该手册的讨论范文。更加深入的内容超过了手册所讨论的内容，关于XPath的更多内容，可以看见[ XML Path Language (XPath) 1.0 standard][xpath-url]。对于XPath新手和那些希望再次学习XPath基础知识的人来说，[Zvon.org XPath Tutorial][zvon-org-xpath]是一个非常有价值的。


一些基础的XPath表达是的说明和例子如下：
  
 *  `/tag`  
当且仅当<tag/>是根元素时匹配`<tag/>`。  
例如：`/a`可以匹配`<a><b/><a/>`，因为它匹配最外层的（根）标记。`/a`不匹配`<b><a/></b>`中的`a`标签，因为在这种情况下它是另一个元素的子元素。

 * `/tag1/tag2`  
当且仅当`<tag2>`是`<tag1>`的子元素，并且`<tag1>`是根元素时匹配。  
例如：`/a/b`匹配XML片段`<a><b/><a/>`中的`b`元素，因为`b`元素是根元素`a`的子元素。`/a/b`不匹配`<b><a/></b>`，因为在个XML片段中，`b`是根元素（并且没有其它元素）。同样，`/a/b`这个XPath表达式也不匹配`<a><c><b/></c></a>`,因为`b`是`a`的一个子孙元素，而不是`a`的直接子元素。  
这种XPath的构造方式可以扩展到三个或者更多元素。如`/a/b/c`匹配XML片段` <a><b><c/></b></a>`中的`c`元素。

 * `//tag`  
匹配任何`<tag>`标签。  
例如：`//a`匹配如下标签中的任意`a`元素：`<a><b><c/></b></a>; <c><a><b/></a></b>; <c><b><a/></b></c>`。  
`//`可以连接`/`。如`//a/b`可以匹配` <a><b/></a>`和` <a><b><c/></b></a>`中的`b`元素。
>注意
>`//tag`等价于`/descendant-or-self::*/tag`。`/descendant-or-self::*/tag`常常与`/descendant-or-self::tag`混淆，尽管后者可能产生完全不一样的结果，例如：  
>
	mysql> SET @xml = '<a><b><c>w</c><b>x</b><d>y</d>z</b></a>';
	Query OK, 0 rows affected (0.00 sec)
>	
	mysql> SELECT @xml;
	+-----------------------------------------+
	| @xml                                    |
	+-----------------------------------------+
	| <a><b><c>w</c><b>x</b><d>y</d>z</b></a> |
	+-----------------------------------------+
	1 row in set (0.00 sec)
>	
	mysql> SELECT ExtractValue(@xml, '//b[1]');
	+------------------------------+
	| ExtractValue(@xml, '//b[1]') |
	+------------------------------+
	| x z                          |
	+------------------------------+
	1 row in set (0.00 sec)
>	
	mysql> SELECT ExtractValue(@xml, '//b[2]');
	+------------------------------+
	| ExtractValue(@xml, '//b[2]') |
	+------------------------------+
	|                              |
	+------------------------------+
	1 row in set (0.01 sec)
>	
	mysql> SELECT ExtractValue(@xml, '/descendant-or-self::*/b[1]');
	+---------------------------------------------------+
	| ExtractValue(@xml, '/descendant-or-self::*/b[1]') |
	+---------------------------------------------------+
	| x z                                               |
	+---------------------------------------------------+
	1 row in set (0.06 sec)
>	
	mysql> SELECT ExtractValue(@xml, '/descendant-or-self::*/b[2]');
	+---------------------------------------------------+
	| ExtractValue(@xml, '/descendant-or-self::*/b[2]') |
	+---------------------------------------------------+
	|                                                   |
	+---------------------------------------------------+
	1 row in set (0.00 sec)
>	
>	
	mysql> SELECT ExtractValue(@xml, '/descendant-or-self::b[1]');
	+-------------------------------------------------+
	| ExtractValue(@xml, '/descendant-or-self::b[1]') |
	+-------------------------------------------------+
	| z                                               |
	+-------------------------------------------------+
	1 row in set (0.00 sec)
>	
	mysql> SELECT ExtractValue(@xml, '/descendant-or-self::b[2]');
	+-------------------------------------------------+
	| ExtractValue(@xml, '/descendant-or-self::b[2]') |
	+-------------------------------------------------+
	| x                                               |
	+-------------------------------------------------+
	1 row in set (0.00 sec)  

 * `*`操作符作为通配符，可以匹配任何元素。例如，表达式`/*/b`不管是在` <a><b/></a>`还是在`<c><b/></c>`中，都是匹配`b`元素。但是，这个表达式不匹配XML片段` <b><a/></b>`中的任何一个元素，因为`b`元素必须是另一个元素的子元素。此外，通配符`*`可以位于任何位置，如表达式`/*/b/*/`可以匹配任何b元素的子元素，同时，`b`元素也不是根元素。
 * 使用`|`（`UNION`）操作符可以匹配任意多个元素。例如，表达式`//b|//c`匹配目标XML片段中所有的`b`元素和`c`元素。
 * 也可以通过一个元素的一个或多个属性值来进行匹配。这种匹配方式是通过使用`tag[@attribute="value"]`语法完成的。例如，表达式`//b[@id="idB"]`匹配XML片段`<a><b id="idA"/><c/><b id="idB"/></a>`中的第二个b元素。若要匹配任何具有属性`attribute="value"`的元素，则使用XPath表达式`//*[attribute="value"]`.  
 若要过滤多属性值，只需连续使用多个属性比较。例如，表达式`//b[@c="x"][@d="y"]`匹配任意给定的XML片段中的`<b c="x" d="y"/>`元素。  
 如果要找到同一属性具有多个属性值的元素，可以使用多个由`|`操作符连接的定位表达式。例如，要匹配所有的`b`元素，并且`b`元素的`c`属性具有多个属性值两个属性值：23和17，可以使用表达式`//b[@c="23"]|//b[@c="17"]`。也可以使用逻辑操作符`or`:`//b[@c="23" or @c="17"]`。  
>注意
>`or`操作符和`|`操作符的区别是`or`操作符连接条件，而`|`操作符连接结果集。

****XPath的局限性**** 受以上函数支持的XPath语法当前具有如下局限：  

 * 节点集的比对不支持，如`/a/b[@c=@d]`。
 * 支持所有的标准XPath比对。（Bug #22823）
 * 相对定位表达式被视为根节点的上下文。例如，考虑下面的查询和结果：  
 
		mysql> SELECT ExtractValue(  
			-> '<a><b c="1">X</b><b c="2">Y</b></a>',  
			->    'a/b'  
			-> ) AS result;  
		+--------+  
		| result |  
		+--------+  
		| X Y    |  
		+--------+  
		1 row in set (0.03 sec)  
在上面的例子中，定位表达式`a/b`被解析为`/a/b`。  
相对定位还支持在谓词。在下面的例子中，`d[../@c="1"]`被解析为`/a/b/[@c="1"]/d`：  

		mysql> SELECT ExtractValue(  
		    ->      '<a>  
		    ->        <b c="1"><d>X</d></b>  
		    ->        <b c="2"><d>X</d></b>  
		    ->      </a>',  
		    ->      'a/b/d[../@c="1"]')  
		    -> AS result;  
		+--------+  
		| result |  
		+--------+  
		| X      |  
		+--------+  
		1 row in set (0.00 sec)  

* 被解析为标量值（包括变量引用，文字，数字和标量函数调用）的表达式定位器前缀是不允许的，并且会产生错误的结果。

* `::`操作符在与节点类型结合时不支持，如下:
  * `axis::comment()` 
  * `axis::text()`
  * `axis::processing-instructions()`
  * `axis::node()`  
 
然而，元素名称（如`axis::name`或`axis::*`）在MySQL中是支持的，如下例子：  
```sql  

	mysql> SELECT ExtractValue('<a><b>x</b><c>y</c></a>','/a/child::b');
	+-------------------------------------------------------+
	| ExtractValue('<a><b>x</b><c>y</c></a>','/a/child::b') |
	+-------------------------------------------------------+
	| x                                                     |
	+-------------------------------------------------------+
	1 row in set (0.02 sec)
	
	mysql> SELECT ExtractValue('<a><b>x</b><c>y</c></a>','/a/child::*');
	+-------------------------------------------------------+
	| ExtractValue('<a><b>x</b><c>y</c></a>','/a/child::*') |
	+-------------------------------------------------------+
	| x y                                                   |
	+-------------------------------------------------------+
	1 row in set (0.01 sec)
```

* MySQL不支持“上上下下（Up-and-down）”搜索，这样会导致搜索到根元素之上。也就是说，不能使用这样的表达式：它匹配一个给定的元素的子元素，同时当前给定的元素的祖先元素也是根元素的祖先元素（参见Bug #16321）。
* 如下的XPath函数不支持或者已经表明在使用中会有问题：
  * `id()`
  * `lang()`
  * `local-name()`
  * `name()`
  * `namespace-uri()`
　* `normalize-space()`
  * `starts-with()`
  * `string()`
  * `substring-after()`
  * `substring-before()`
  * `translate()`
* 下面形式的XPath表达式不支持：
  * `following-sibling`
  * `following`
  * `preceding-sibling`
  * `preceding`

XPath表达式作为参数传递给` ExtractValue()`和` UpdateXML()`函数时元素选择器中可能包含冒号（":"）,使用时可以采用XML命名空间符号。如：

```sql  

	mysql> SET @xml = '<a>111<b:c>222<d>333</d><e:f>444</e:f></b:c></a>';
	Query OK, 0 rows affected (0.00 sec)
	
	mysql> SELECT ExtractValue(@xml, '//e:f');
	+-----------------------------+
	| ExtractValue(@xml, '//e:f') |
	+-----------------------------+
	| 444                         |
	+-----------------------------+
	1 row in set (0.00 sec)
	
	mysql> SELECT UpdateXML(@xml, '//b:c', '<g:h>555</g:h>');
	+--------------------------------------------+
	| UpdateXML(@xml, '//b:c', '<g:h>555</g:h>') |
	+--------------------------------------------+
	| <a>111<g:h>555</g:h></a>                   |
	+--------------------------------------------+
	1 row in set (0.00 sec)
```  

这种方式在某些方面类似于[Apache Xalan][apache-xalan]和一些其他的解析器，并且相比于需要声明命名空间或者使用` namespace-uri()`和`local-name()`函数更加简单。

****错误处理****.对于`ExtractValue()`和`UpdateXML()`函数，XPath表达式必须是有效的，并且被搜索的XML中的元素必须合理的嵌套和闭合。如果XPath表达式不正确，则会产生错误：

```sql

	mysql> SELECT ExtractValue('<a>c</a><b/>', '/&a'); 
	ERROR 1105 (HY000): XPATH syntax error: '&a'
```

假如`xml_frag`包含没有合适嵌套和闭合的元素，则会返回`NULL`值，并且会产生警告，如下面例子所示：  
```sql

	mysql> SELECT ExtractValue('<a>c</a><b', '//a');
	+-----------------------------------+
	| ExtractValue('<a>c</a><b', '//a') |
	+-----------------------------------+
	| NULL                              |
	+-----------------------------------+
	1 row in set, 1 warning (0.00 sec)
	
	mysql> SHOW WARNINGS;
	+---------+------+-------------------------------------------------------------------------------------------+
	| Level   | Code | Message                                                                                   |
	+---------+------+-------------------------------------------------------------------------------------------+
	| Warning | 1523 | Incorrect XML value: 'parse error at line 1 pos 11: END-OF-INPUT unexpected ('>' wanted)' |
	+---------+------+-------------------------------------------------------------------------------------------+
	1 row in set (0.00 sec)
	
	mysql> SELECT ExtractValue('<a>c</a><b/>', '//a');
	+-------------------------------------+
	| ExtractValue('<a>c</a><b/>', '//a') |
	+-------------------------------------+
	| c                                   |
	+-------------------------------------+
	1 row in set (0.00 sec)

```

>****重要****  
>在UpdateXML()函数中用于替换的第三个参数是不会被检测是否有某个元素是正确嵌套和闭合的。

****XPath注入.代码注入**** 是指恶意的代码侵入系统中并且未经授权访问权限和数据。代码注入利用开发者作出的对用户输入的数据的类型和内容判断的假设。XPath在这方面也未能幸免。

代码注入的一个典型的场景是处理授权的程序。该程序通过匹配从XML文件中找到的登陆名和密码的组合进行代码注入，XPath类似于：
```sql

	//user[login/text()='neapolitan' and password/text()='1c3cr34m']/attribute::id
```

这个XPath表达式等价于一下的SQL语句：  
```sql

	SELECT id FROM users WHERE login='neapolitan' AND password='1c3cr34m';
```
一个采用XPath的PHP应用可能会这样处理登陆：  
```php

		<?php
	
	  $file     =   "users.xml";
	
	  $login    =   $POST["login"];
	  $password =   $POST["password"];
	
	  $xpath = "//user[login/text()=$login and password/text()=$password]/attribute::id";
	
	  if( file_exists($file) )
	  {
	    $xml = simplexml_load_file($file);
	
	    if($result = $xml->xpath($xpath))
	      echo "You are now logged in as user $result[0].";
	    else
	      echo "Invalid login name or password.";
	  }
	  else
	    exit("Failed to open $file.");
	
	?>
```

没有对上面代码中的输入执行检查。这意味着入侵者可以通过对登录名和密码输入`or 1=1`的短路测试，导致`$path`等价于下面的表达式：

```sql

	//user[login/text()='' or 1=1 and password/text()='' or 1=1]/attribute::id
```

由于方括号中的表达是总是`true`，它实际上等价于下面的表达式，这个表达式匹配XML文档中每个`user`的`id`属性：  
```sql

//user/attribute::id
```
预防这种攻击的一种方式是通过引用要插入到`$xpath`中的变量名，并且将从Web form取到的值强制转换为字符串：
```sql

	$xpath = "//user[login/text()='$login' and password/text()='$password']/attribute::id";
```

这种方式与常常被建议使用的预防SQL注入攻击的方式策略相同。一般来说，预防XPath注入应该遵循的做法与预防SQL注入攻击的做法相同：  

  * 不要在应用程序中接收用户提交的未经测试的数据。
  * 检测所有用户提交的数据的类型；拒绝或者转换错误类型的数据。
  * 测试超出范围的数值数据，截断或者拒绝超出范围的数据。测试字符串是否有不合法的字符，对于不合法的字符，要么取出它们，要么拒绝包含它们的输入数据。
  * 不要直接输出错误信息，因为错误信息可能提供给未经授权的用户一些可能危害到整个系统的线索，可以将这些错误信息记录在日志里或者数据库表中。

SQL注入攻击可能被用于获取数据库模式的信息，与此类似，XPath注入攻击可能被用于遍历XML文件，从而暴露XML文件结构，就像Amit Klein的论文中讨论的那样[Blind XPath Injection][blind-xpath-inj]（PDF file，46KB）。

检测发送给客户端的输出也同样很重要。思考一下当我们使用MySQL的`ExtractValue()`函数时会发生什么：  
```sql

	mysql> SELECT ExtractValue(
	    ->     LOAD_FILE('users.xml'),
	    ->     '//user[login/text()="" or 1=1 and password/text()="" or 1=1]/attribute::id'
	    -> ) AS id;
	+-------------------------------+
	| id                            |
	+-------------------------------+
	| 00327 13579 02403 42354 28570 |
	+-------------------------------+
	1 row in set (0.01 sec)
```

因为`ExtractValue()`返回一个由空格分隔的字符串的多个匹配，这个注入攻击提供`user.xml`中的全部有效的ID给用户。作为一个额外的保障，将数据返回给用户之前，必须必须测试输出数据。下面是一个简单的例子：

```sql

	mysql> SELECT @id = ExtractValue(
	    ->     LOAD_FILE('users.xml'),
	    ->     '//user[login/text()="" or 1=1 and password/text()="" or 1=1]/attribute::id'
	    -> );
	Query OK, 0 rows affected (0.00 sec)
	
	mysql> SELECT IF(
	    ->     INSTR(@id, ' ') = 0,
	    ->     @id,
	    ->     'Unable to retrieve user ID')
	    -> AS singleID;
	+----------------------------+
	| singleID                   |
	+----------------------------+
	| Unable to retrieve user ID |
	+----------------------------+
	1 row in set (0.00 sec)
```
一般情况下，安全的将数据返回到用户的原则与接收用户输入相同。可以总结为一下两点：
* 总是测试输出数据的类型和允许的值。
* 不要让未经授权的用户看到关于应用程序的错误信息，这样的信息可能导致程序被破解。


[mysql-url]: www.baidu.com '这是mysql客户端的url'
[mysqldump-url]: www.baidu.com '这是MySQLdump客户端的url'
[xpath-url]: http://www.w3.org/TR/xpath/
[zvon-org-xpath]: http://www.zvon.org/xxl/XPathTutorial/
[mysql-xml-user-forum]: http://forums.mysql.com/list.php?44
[apache-xalan]: http://xalan.apache.org/
[blind-xpath-inj]: http://www.packetstormsecurity.org/papers/bypass/Blind_XPath_Injection_20040518.pdf
[10-1-7-5-collation-of-exp]: