# Restrictions_and_Limitations_on_Partitioning

#19.6.0.分区局限性

##[19.6.1. Partitioning Keys, Primary Keys, and Unique Keys](./19.06.01_Partitioning_Keys,_Primary_Keys,_and_Unique_Keys.md)
##[19.6.2. Partitioning Limitations Relating to Storage Engines](./19.06.02_Partitioning_Limitations_Relating_to_Storage_Engines.md)
##[19.6.3. Partitioning Limitations Relating to Functions](./19.06.03_Partitioning_Limitations_Relating_to_Functions.md)
##[19.6.4. Partitioning and Locking](./19.06.04_Partitioning_and_Locking.md)

本节讨论目前MySQL支持分区的限制和局限性。

**禁止的结构**。下面的结构不允许出现在分区表达式:

- 存储过程、存储函数,UDFS或插件。
- 已声明的变量或用户变量。

允许出现在分区表达式的SQL函数列表，见 [Section 19.6.3, “Partitioning Limitations Relating to Functions”](./19.06.03_Partitioning_Limitations_Relating_to_Functions.md)

**算术和逻辑运算符**。算术运算符[+][12.06.01]、[-][12.06.01]、[*][12.06.01]是允许在分区表达式中使用。然而，最后的结果必须是一个整数值或NULL ([LINEAR] KEY分区例外，正如在本章其它地方讨论的那样，详见 [Section 19.2, “Partitioning Types”](./19.02.00_Partitioning_Types.md))

也支持[DIV][12.06.01]运算符的,但[/][12.06.01]运算符是不允许的。(Bug #30188, Bug #33182) 　　　　

位操作符[|][12.12.00]、[&][12.12.00]、[^][12.12.00]、[<<][12.12.00]、[>>][12.12.00]、[~][12.12.00]是不允许在分区表达式中使用的。

**HANDLER语句**。MySQL 5.6中，分区表不支持[HANDLER][13.02.04]语句。

**服务SQL模式**。用户自定义的分区表不保存SQL模式，只有在创建时SQL mode才起效。如[Section 5.1.8, “Server SQL Modes”][05.01.08]讨论那样，按照服务SQL模式，许多MySQL函数和操作符的结果会发生改变。因此，在创建分区表后修改SQL模式可能导致这些表行为发生重大改变，很容易导致损坏或数据丢失。由于这些原因，*强烈建议在创建分区表之后你永远不改变服务的SQL模式*。

**举例**。下面的例子演示分区表的一些行为变化，由于改变服务器的SQL模式:

1.** 错误处理**.假设您创建一个分区表，它的分区表达式是一个column DIV 0或column MOD 0,如下所示:


   
        mysql> CREATE TABLE tn (c1 INT)
		    ->     PARTITION BY LIST(1 DIV c1) (
		    ->       PARTITION p0 VALUES IN (NULL),
		    ->       PARTITION p1 VALUES IN (1)
		    -> );
	    Query OK, 0 rows affected (0.05 sec)

除数为0的结果，MySQL的默认返回NULL，没有产生任何错误:

		mysql> SELECT @@sql_mode;
		+------------+
		| @@sql_mode |
		+------------+
		|            |
		+------------+
		1 row in set (0.00 sec)
		
		
		mysql> INSERT INTO tn VALUES (NULL), (0), (1);
		Query OK, 3 rows affected (0.00 sec)
		Records: 3  Duplicates: 0  Warnings: 0

然而，改变服务的SQL模式，把除零看做一个错误并且执行严格的错误处理会导致相同的INSERT语句失败，如下所示:

		mysql> SET sql_mode='STRICT_ALL_TABLES,ERROR_FOR_DIVISION_BY_ZERO';
		Query OK, 0 rows affected (0.00 sec)
		
		mysql> INSERT INTO tn VALUES (NULL), (0), (1);
		ERROR 1365 (22012): Division by 0

2.**表的可访问性**。有时候改变服务的SQL模式可能导致分区表不可用。下面的[CREATE TABLE][13.01.17]语句只有在[NO_UNSIGNED_SUBTRACTION][05.01.08]生效的时候才能被执行成功。

		mysql> SELECT @@sql_mode;
		+------------+
		| @@sql_mode |
		+------------+
		|            |
		+------------+
		1 row in set (0.00 sec)
		
		mysql> CREATE TABLE tu (c1 BIGINT UNSIGNED)
		    ->   PARTITION BY RANGE(c1 - 10) (
		    ->     PARTITION p0 VALUES LESS THAN (-5),
		    ->     PARTITION p1 VALUES LESS THAN (0),
		    ->     PARTITION p2 VALUES LESS THAN (5),
		    ->     PARTITION p3 VALUES LESS THAN (10),
		    ->     PARTITION p4 VALUES LESS THAN (MAXVALUE)
		    -> );
		ERROR 1563 (HY000): Partition constant is out of partition function domain
		
		mysql> SET sql_mode='NO_UNSIGNED_SUBTRACTION';
		Query OK, 0 rows affected (0.00 sec)
		
		mysql> SELECT @@sql_mode;
		+-------------------------+
		| @@sql_mode              |
		+-------------------------+
		| NO_UNSIGNED_SUBTRACTION |
		+-------------------------+
		1 row in set (0.00 sec)
		
		mysql> CREATE TABLE tu (c1 BIGINT UNSIGNED)
		    ->   PARTITION BY RANGE(c1 - 10) (
		    ->     PARTITION p0 VALUES LESS THAN (-5),
		    ->     PARTITION p1 VALUES LESS THAN (0),
		    ->     PARTITION p2 VALUES LESS THAN (5),
		    ->     PARTITION p3 VALUES LESS THAN (10),
		    ->     PARTITION p4 VALUES LESS THAN (MAXVALUE)
		    -> );
		Query OK, 0 rows affected (0.05 sec)

如果在创建tu表后，你删除[NO_UNSIGNED_SUBTRACTION][05.01.07]服务SQL模式，你将不能再访问这个表:
		
        mysql> SET sql_mode='';
		Query OK, 0 rows affected (0.00 sec)
		
		mysql> SELECT * FROM tu;
		ERROR 1563 (HY000): Partition constant is out of partition function domain
		mysql> INSERT INTO tu VALUES (20);
		ERROR 1563 (HY000): Partition constant is out of partition function domain

服务器的SQL模式也影响分区表的复制。主从服务器不同的SQL模式可以能导致分区表达式的结果不同；这可能导致主服务和从服务的表数据在分区之间分布不同，甚至可能导致在主服务给插入成功，然而在从服务失败。为达到最佳效果，主从服务应该总是使用相同的服务SQL模式。

**性能注意事项**。下面列出分区操作对性能影响:

- **文件系统操作**。分区和重新分区操作（如 [ALTER TABLE][13.01.07#13.1.7.1] with PARTITION BY ..., REORGANIZE PARTITIONS,或 REMOVE PARTITIONING）的实现是依赖于文件系统操作。这意味着这些操作的速度受文件系统类型和特点、磁盘速度、交换空间、操作系统处理文件效率，以及MySQL服务器对文件操作相关的选项和变量等因数的影响。特别是，您应该确保启用了 [large_files_support][05.01.05]和[open_files_limit][05.01.05]设置合理。对于分区的表使用MyISAM存储引擎,增加 [myisam_max_sort_file_size][05.01.05]可能提高性能；对InnnoDB表分区和重新分区操作，启动[innodb_file_per_table][14.14.00]选项效率可能会更高。

	另见[Maximum number of partitions](./19.06.00_Restrictions_and_Limitations_on_Partitioning.md)。

- **MyISAM和分区文件描述符的使用**。对于MyISAM类型的分区表，MYSQL对于每个打开的数据表，每个分区使用2个文件描述符。这意味着：当你对MyISAM的分区表进行操作时需要更多的文件描述符，而对于一个完全相同的但没有分区的表则不需要那么多的文件描述符，特别在对表进行[ALTER TABLE][13.01.07]操作时需特别注意这一点。

	假定一个MyISAM表t有100个分区，正如下面的语句创建的那样：

		CREATE TABLE t (c1 VARCHAR(50))
		PARTITION BY KEY (c1) PARTITIONS 100
		ENGINE=MYISAM;


	>**注意**
	>
	>为了简便，我们在这个例子的表格中使用KEY分区，但是这里讨论的文件描述符应用于所有的已经分区的MyISAM表，这与表使用何种分区方式无关。使用其他存储引擎如InnoDB的分区表不受这一点影响。

	现在假设你要重新分区使得表t拥有101个分区，使用下面的语句：
	
		ALTER TABLE t PARTITION BY KEY (c1) PARTITIONS 101;

	要执行这个ALTER TABLE语句，MySQL要使用402个文件描述符——就是，原来的100个分区每个分区2个文件描述符，加上新的101个分区每个分区2个文件描述符。这是因为在重新整理表数据的时候，所有的分区（包括旧的和新的）都要同时打开。建议如果你执行这样的操作，你应该保证[--open-files-limit][05.01.04]的值不被设置得太小，能足够容纳这些文件描述符。

- **表锁**。对表执行分区操作，系统给表一个写锁。从该表读相对影响不大，但会挂起INSERT和UPDATE操作直到分区操作已完成。

- **存储引擎**。分区操作，查询和更新操作通常MyISAM表比InnoDB或NDB表更快。

- **索引使用和分区修剪**。对非分区表正确使用索引可以加快查询速度。此外，对分区表和对于这些表查询充分利用*分区修剪*可以显著提高性能。获得更多信息见 [Section 19.4, “Partition Pruning”](./19.04.00_Partition_Pruning.md)。

	索引条件下推不被分区表支持。详见[Section 8.2.1.6, “Index Condition Pushdown Optimization”][08.02.01#8.2.1.6]。

- **LOAD DATA的性能**。MySQL 5.6, [LOAD DATA][13.02.06]使用缓冲来提高性能。你应该意识到每个分区使用130KB内存做为缓冲区。

**分区最大数量**。

MySQL 5.6.7之前版本，非[NDB][17.00.00]引擎表的最大分区数量是1024，自从MySQL 5.6.7，这个限制被增加到8192个分区。无论MySQL服务哪个版本，这最大数都包含子分区。

对于NDB自定义分区表的最大数量由MySQL集群使用软件的版本，数据节点的数量，和其他因素的决定。更多信息见[NDB and user-defined partitioning][18.01.02]。

如果，当创建一个许多数量的分区表(但小于最大数量限制)，你遇到一个错误信息如 Got error ... from storage engine: Out of resources when opening file，你可以通过增加系统变量 [open_files_limit][05.01.05]的值解决这个问题。然而，这是依赖于操作系统，并不是在所有平台都是可能或可取的；更多信息，见[Section B.5.2.18, “File Not Found and Similar Errors”][B.05.02#B.5.2.18]。在某些情况下，由于其他因素，使用大量(数百)的分区可能也不是明智的，所以使用多个分区并不会自动导致更好的结果。

另见 [File system operations](./19.06.00_Restrictions_and_Limitations_on_Partitioning.md)。

**不支持查询缓存**。 

分区表不支持查询缓存。自从MySQL 5.6.5开始，对涉及到分区表的查询，查询缓存会自动禁用，并且不能人为对这个查询启动缓存。(bug# 53775)

**每个分区键缓存**。

MySQL 5.6，键缓存支持[MyISAM][15.02.00]分区表，使用[CACHE INDEX][13.07.06#13.7.6.2] 和 [LOAD INDEX INTO CACHE][13.07.06#13.7.6.5] 语句。可以为一个，几个或所有分区定义键缓存，并且可以将一个、几个或所有分区的索引预装于键缓存。

**InnoDB分区表不支持外键**。

使用InnoDB存储引擎分区表不支持外键。更具体地说，这意味着以下两个声明是对的：

1. 没有一个用户定义的InnoDB分区表可以包含外键引用；任何包含外键引用InnoDB表都不能被分区。
2. 没有InnoDB表定义可能包含一个引用用户分区表的外键；任何使用用户定义的分区的InnoDB表都不可能包含外键引用的列。


刚刚列举限制的范围包括所有使用InnoDB存储引擎表。 [CREATE TABLE][13.01.17#13.1.17.5] 和 [ALTER TABLE][13.01.07]语句产生违反这些规则的数据表也是不允许的。　　　　

**ALTER TABLE ... ORDER BY**。 对分区表运行ALTER TABLE ... ORDER BY column只在每个分区内进行排序。

**对修改主键的REPLACE语句的影响**。  在某些情况下（见[Section 19.6.1, “Partitioning Keys, Primary Keys, and Unique Keys”](./19.06.01_Partitioning_Keys_Primary_Keys_and_Unique_Keys.md)）可能需要修改表的主键。请注意，如果你的应用使用[REPLACE][13.02.08]语句并且你这样执行了，这些语句的结果可能会有很大的不同。

**全文索引**。分区表不支持全文索引和搜索，尽管分区表使用InnoDB或MyISAM存储引擎。

**空间列**。列为空间数据类型不能用于分区表，如POINT和GEOMETRY类型。

**临时表**。临时表不能分区。(bug# 17497) 

**日志表**。日志表不可以分区； 对日志表进行[ALTER TABLE ... PARTITION BY ...][13.01.07#13.1.7.1]因错误导致失败。　　　　

**分区键的数据类型**。分区键必须是一个整数列或一个表达式，该表达式返回一个整数。使用列[ENUM][11.04.04]列的表达式不能使用。列或表达式值也可以是NULL。(见 [Section 19.2.7, “How MySQL Partitioning Handles NULL”](./19.02.07_How_MySQL_Partitioning_Handles_NULL.md)。) 　　　　

这个限制有两种例外：

1. 当使用[LINEAR] KEY分区，可以使用[TEXT][11.04.03]和[BLOB][11.04.03]以外的其他类型的列作为分区键，因为MySQL的内部键哈希函数从这些类型能产生正确的数据类型。例如，下面的 [CREATE TABLE][13.01.17]语句是有效的：
		
		CREATE TABLE tkc (c1 CHAR)
		PARTITION BY KEY(c1)
		PARTITIONS 4;

		CREATE TABLE tke
			( c1 ENUM('red', 'orange', 'yellow', 'green', 'blue', 'indigo', 'violet') )
		PARTITION BY LINEAR KEY(c1)
		PARTITIONS 6;

2. 当使用 RANGE COLUMNS or或 LIST COLUMNS分区，可以使用字符串、[DATE][11.03.01]和[DATETIME][[11.03.01]]列。例如,下面的每一个 [CREATE TABLE][13.01.17]都是有效的：

		CREATE TABLE rc (c1 INT, c2 DATE)
		PARTITION BY RANGE COLUMNS(c2) (
		    PARTITION p0 VALUES LESS THAN('1990-01-01'),
		    PARTITION p1 VALUES LESS THAN('1995-01-01'),
		    PARTITION p2 VALUES LESS THAN('2000-01-01'),
		    PARTITION p3 VALUES LESS THAN('2005-01-01'),
		    PARTITION p4 VALUES LESS THAN(MAXVALUE)
		);
		
		CREATE TABLE lc (c1 INT, c2 CHAR(1))
		PARTITION BY LIST COLUMNS(c2) (
		    PARTITION p0 VALUES IN('a', 'd', 'g', 'j', 'm', 'p', 's', 'v', 'y'),
		    PARTITION p1 VALUES IN('b', 'e', 'h', 'k', 'n', 'q', 't', 'w', 'z'),
		    PARTITION p2 VALUES IN('c', 'f', 'i', 'l', 'o', 'r', 'u', 'x', NULL)
		);


前面的例外都不适用于BLOB或TEXT类型。

**子查询**。分区键不能是子查询，即使这子查询返回一个整数值或NULL。

**子分区的问题**。子分区必须使用 HASH 或 KEY分区。只有 RANGE 和 LIST 才能进行子分区; HASH 和 KE分区不能被子分区。　　　　

目前，SUBPARTITION BY KEY要求显式指定子分区的分区列，与PARTITION BY KEY 不同，它可以省略(在这种情况下，默认使用表的主键列)。考虑如下创建表的语句：

	CREATE TABLE ts (
	    id INT NOT NULL AUTO_INCREMENT PRIMARY KEY,
	    name VARCHAR(30)
	);

您可以创建一个有相同的列的通过KEY 分区的表，使用下列语句：

	CREATE TABLE ts (
	    id INT NOT NULL AUTO_INCREMENT PRIMARY KEY,
	    name VARCHAR(30)
	)
	PARTITION BY KEY() 
	PARTITIONS 4;

前面的语句被看作用表的主键列作为分区的列：

	CREATE TABLE ts (
	    id INT NOT NULL AUTO_INCREMENT PRIMARY KEY,
	    name VARCHAR(30)
	)
	PARTITION BY KEY(id) 
	PARTITIONS 4;

然而，下面的语句，试图使用默认列来创建一个子分区表而失败，要想执行成功必须指定子分区的根据列，如下所示:

	mysql> CREATE TABLE ts (
	    ->     id INT NOT NULL AUTO_INCREMENT PRIMARY KEY,
	    ->     name VARCHAR(30)
	    -> )
	    -> PARTITION BY RANGE(id)
	    -> SUBPARTITION BY KEY()
	    -> SUBPARTITIONS 4
	    -> (
	    ->     PARTITION p0 VALUES LESS THAN (100),
	    ->     PARTITION p1 VALUES LESS THAN (MAXVALUE)
	    -> );
	ERROR 1064 (42000): You have an error in your SQL syntax; check the manual that 
	corresponds to your MySQL server version for the right syntax to use near ')
	
	mysql> CREATE TABLE ts (
	    ->     id INT NOT NULL AUTO_INCREMENT PRIMARY KEY,
	    ->     name VARCHAR(30)
	    -> )
	    -> PARTITION BY RANGE(id)
	    -> SUBPARTITION BY KEY(id)
	    -> SUBPARTITIONS 4
	    -> (
	    ->     PARTITION p0 VALUES LESS THAN (100),
	    ->     PARTITION p1 VALUES LESS THAN (MAXVALUE)
	    -> );
	Query OK, 0 rows affected (0.07 sec)	

 这是一个诸知的问题(参见bug# 51470)。　　　　

**不支持DELAYED选项**。不支持使用[INSERT DELAYED][13.02.05#13.2.5.2]插入行到一个分区表。尝试着这样做因错误而失败。　　　　

**DATA DIRECTORY 和 INDEX DIRECTORY 选项**。在分区表使用它们，DATA DIRECTORY 和 INDEX DIRECTORY都受以下限制:

- 表级DATA DIRECTORY和INDEX DIRECTORY选项会被忽略(见bug# 32091)。
- 在Windows上，对于[MyISAM][15.02.00]表，分区或子分区不支持DATA DIRECTORY和INDEX DIRECTORY选项(Bug# 30459)。但是，对于[InnoDB][14.00.00]表，您可以为分区和子分区使用DATA DIRECTORY选项。

**修复和重建分区表**。 分区表支持[CHECK TABLE][13.07.02#13.7.2.2]、[OPTIMIZE TABLE][13.07.02#13.7.2.4]、 [ANALYZE TABLE][13.07.02#13.7.2.1]和 [REPAIR TABLE][13.07.02#13.7.2.5]语句。　　　　

此外，您可以使用ALTER TABLE ... REBUILD PARTITION来重建分区表中的一个或多个分区； ALTER TABLE ... REORGANIZE PARTITION也会引起分区重建。关于这两个语句更多的信息见[Section 13.1.7, “ALTER TABLE Syntax”][13.01.07]。　　　　

[mysqlcheck][04.05.03]、[myisamchk][04.06.03]和[myisampack][04.06.05]不支持分区表。

**导出选项（刷新表）**。   在MySQL 5.6.16及之前的版本，[FLUSH TABLES][13.07.06#13.7.6.3]语句中的FOR EXPORT选项不支持InnoDB分区表。
 
[04.05.03]:../Chapter_04/04.05.03_mysqlcheck_—_A_Table_Maintenance_Program.md
[04.06.03]:../Chapter_04/04.06.03_myisamchk_—_MyISAM_Table-Maintenance_Utility.md
[04.06.05]:../Chapter_04/04.06.05_myisampack_—_Generate_Compressed_Read-Only_MyISAM_Tables.md
[05.01.04]:../Chapter_05/05.01.04_Server_Command_Options.md
[05.01.05]:../Chapter_05/05.01.05_Server_System_Variables.md
[05.01.08]:../Chapter_05/05.01.08_Server_SQL_Modes.md
[08.02.01#8.2.1.6]:../Chapter_08/08.02.01_Optimizing_SELECT_Statements.md##8.2.1.6
[11.03.01]:../Chapter_11/11.03.01_The_DATE_DATETIME_and_TIMESTAMP_Types.md
[11.04.04]:../Chapter_11/11.04.04_The_ENUM_Type.md
[11.04.03]:../Chapter_11/11.04.03_The_BLOB_and_TEXT_Types.md
[12.06.01]:../Chapter_12/12.06.01_Arithmetic_Operators.md 
[12.12.00]:../Chapter_12/12.12.00_Bit_Functions.md
[13.01.07]:../Chapter_13/13.01.07_ALTER_TABLE_Syntax.md
[13.01.07#13.1.7.1]:../Chapter_13/13.01.07_ALTER_TABLE_Partition_Operations.md#13.1.7.1
[13.01.17]:../Chapter_13/13.01.17_CREATE_TABLE_Syntax.md
[13.01.17#13.1.17.5]:../Chapter_13/13.01.17_CREATE_TABLE_Syntax.md#13.1.17.5
[13.02.04]:../Chapter_13/13.02.04_HANDLER_Syntax.md    
[13.02.06]:../Chapter_13/13.02.06_LOAD_DATA_INFILE_Syntax.md
[13.02.08]:../Chapter_13/13.02.08_REPLACE_Syntax.md
[13.07.02#13.7.2.1]:../Chapter_13/13.07.02_Table_Maintenance_Statements.md#13.7.2.1
[13.07.02#13.7.2.2]:../Chapter_13/13.07.02_Table_Maintenance_Statements.md#13.7.2.2
[13.07.02#13.7.2.4]:../Chapter_13/13.07.02_Table_Maintenance_Statements.md#13.7.2.4
[13.07.02#13.7.2.5]:../Chapter_13/13.07.02_Table_Maintenance_Statements.md#13.7.2.5
[13.07.06#13.7.6.3]:../Chapter_13/13.07.06_Other_Administrative_Statements.md#13.7.6.3
[14.00.00]:../Chapter_14/14.00.00_The_InnoDB_Storage_Engine.md
[14.14.00]:../Chapter_14/14.14.00_InnoDB_Startup_Options_and_System_Variables.md
[15.02.00]:../Chapter_15/15.02.00_The_MyISAM_Storage_Engine.md
[17.00.00]:../Chapter_17/17.00.00_MySQL_Cluster_NDB_7.3.md
[18.01.02]:../Chapter_18/18.01.02_MySQL_Cluster_Nodes,_Node_Groups,_Replicas,_and_Partitions.md
[B.05.02#B.5.2.18]:../Appendix_B/B.05.02_Common_Errors_When_Using_MySQL_Programs.md#B.5.2.18
[13.07.06#13.7.6.2]:../Chapter_13/13.07.06_Other_Administrative_Statements.md#13.7.6.2
[13.07.06#13.7.6.5]:../Chapter_13/13.07.06_Other_Administrative_Statements.md#13.7.6.5
[13.01.07]:../Chapter_13/13.01.07_ALTER_TABLE_Syntax.md
[13.02.05#13.2.5.2]:../Chapter_13/13.02.05_INSERT_Syntax.md#13.2.5.2




