# LIST_Partitioning

#19.2.2.LIST分区
MySQL中的列表分区在许多方面类似于范围分区。如RAGNE分区，每个分区必须显式定义的。这两种类型的分区的主要区别:LIST分区依据的列值属于一组列值的成员，而不是一组连续范围的值。这是通过使用PARTITION BY LIST(expr)语句来实现的，expr是一个列值或基于列值并返回一个整数值的表达式，然后通过VALUES IN (value_list)定义每个分区，value_list 是一个以逗号分隔的整数。

>**注意**
>
MySQL 5.6中，在使用LIST模式进行分区时，它可能只匹配一个整数列表(有可能匹配到null ,见[Section 19.2.7, “How MySQL Partitioning Handles NULL”](./19.02.07_How_MySQL_Partitioning_Handles_NULL.md))。　　　　
 
>然而，当使用LIST COLUMN分区，其他列类型的值可以在列表中，在本节的后面会描述。

与范围分区不同，列表分区不需要以任何特定的顺序声明。对于更详细的语法信息，见 [Section 13.1.17, “CREATE TABLE Syntax”][13.01.17]。　　　　

对于下面的例子中,我们假设将要分区的数据表由以下的[CREATE TABLE][13.01.17]语句提供的所示:

    CREATE TABLE employees (
	    id INT NOT NULL,
	    fname VARCHAR(30),
	    lname VARCHAR(30),
	    hired DATE NOT NULL DEFAULT '1970-01-01',
	    separated DATE NOT NULL DEFAULT '9999-12-31',
	    job_code INT,
	    store_id INT
    );

（这是与 [Section 19.2.1, “RANGE Partitioning”](./19.02.01_RANGE_Partitioning.md)实例相同的表。) 　　　　

假设有20个音像店，分布在4有经销权的地区，如下表所示。

|Region  |   Store ID Numbers    |
|:-------|:----------------------|
|North   |	3, 5, 6, 9, 17		 |
|East    |	1, 2, 10, 11, 19, 20 |
|West    |	4, 12, 13, 14, 18	 |
|Central |	7, 8, 15, 16		 |

要按照属于同一个地区商店的行保存在同一个分区中的方式来分割表，可以使用下面的[CREATE TABLE][13.01.17]语句：
    
    CREATE TABLE employees (
	    id INT NOT NULL,
	    fname VARCHAR(30),
	    lname VARCHAR(30),
	    hired DATE NOT NULL DEFAULT '1970-01-01',
	    separated DATE NOT NULL DEFAULT '9999-12-31',
	    job_code INT,
	    store_id INT
    )
    PARTITION BY LIST(store_id) (
	    PARTITION pNorth VALUES IN (3,5,6,9,17),
	    PARTITION pEast VALUES IN (1,2,10,11,19,20),
	    PARTITION pWest VALUES IN (4,12,13,14,18),
	    PARTITION pCentral VALUES IN (7,8,15,16)
    );

这使得在表中增加或删除指定地区的雇员记录变得容易起来。例如，假定西区的所有商店都卖给了另一个公司。那么删除在西区商店工作雇员相关的所有记录（行），在MySQL 5.6中可以使用语句 ALTER TABLE employees TRUNCATE PARTITION pWest，它与具有同样作用的[DELETE][13.02.02] （删除）语句 DELETE query DELETE FROM employees WHERE store_id IN (4,12,13,14,18)；比起来，要高效得多。(使用 ALTER TABLE employees DROP PARTITION pWest 也可以删除行，但也会从表中删除 pWest 分区；你需要使用ALTER TABLE ... ADD PARTITION 语句恢复原先的分区方案。) 

与RANGE分区一样，hash和key分区可以结合LIST分区形成复合分区(subpartitioning)。见 [Section 19.2.6, “Subpartitioning”](./19.02.06_Subpartitioning.md)。　　　　

与RANGE分区不同的情况，没有 “catch-all” 如MAXVALUE；分区表达式的所有预期值应该被PARTITION ... VALUES IN (...)子句覆盖。一个[INSERT][13.02.05]语句插入一个与分区列值不匹配的行，将会因错误而失败，如本例中所示:

    mysql> CREATE TABLE h2 (
	    ->   c1 INT,
	    ->   c2 INT
	    -> )
	    -> PARTITION BY LIST(c1) (
	    ->   PARTITION p0 VALUES IN (1, 4, 7),
	    ->   PARTITION p1 VALUES IN (2, 5, 8)
	    -> );
    Query OK, 0 rows affected (0.11 sec)

    mysql> INSERT INTO h2 VALUES (3, 5);
    ERROR 1525 (HY000): Table has no partition for value 3

当使用一个[INSERT][13.02.05]语句插入多行数据时，该行为会因是否使用事务引擎而有所不同。对于一个[InnoDB][14.00.00]表，该语句被看作一个单独的事务，所以任何不匹配的值都将导致整个语句完全失败，没有数据会被插入。对于一个没有使用事务引擎的表，如使用[MyISAM][15.02.00]的表，包含不匹配值的语句之前的所有数据行都会被插入，但是之后的数据行不会被插入。

你可以使用IGNORE忽略掉这种类型的错误。如果你这样做，那么包含不匹配数值的行不会被插入，但是所有包含匹配值的数据行都会被插入，而且不会报告任何的错误。
	
	mysql> TRUNCATE h2;
	Query OK, 1 row affected (0.00 sec)

	mysql> SELECT * FROM h2;
	Empty set (0.00 sec)

	mysql> INSERT IGNORE INTO h2 VALUES (2, 5), (6, 10), (7, 5), (3, 1), (1, 9);
	Query OK, 3 rows affected (0.00 sec)
	Records: 5 Duplicates: 2 Warnings: 0

	mysql> SELECT * FROM h2;
	+------+------+
	| c1   | c2   |
	+------+------+
	|    7 |    5 |
	|    1 |    9 |
	|    2 |    5 |
	+------+------+
	3 rows in set (0.00 sec)

MySQL 5.6 支持LIST COLUMNS分区。这是一个LIST分区的变体，使得您能够基于其他非整型的列进行分区，以及使用多个列作为分区键。有关更多信息，见 [Section 19.2.3.2, “LIST COLUMNS partitioning”](./19.02.03_COLUMNS_partitioning.md#19.2.3.2)。

[13.01.17]:../Chapter_13/13.01.17_CREATE_TABLE_Syntax.md
[13.02.02]:../Chapter_13/13.02.02_DELETE_Syntax.md
[13.02.05]:../Chapter_13/13.02.05_INSERT_Syntax.md
[14.00.00]:../Chapter_14/14.00.00_The_InnoDB_Storage_Engine.md
[15.02.00]:../Chapter_15/15.02.00_The_MyISAM_Storage_Engine.md