# Partitioning_Keys_Primary_Keys_and_Unique_Keys

#19.6.1.分区键，主键和唯一索引

本节讨论分区键与主键和唯一索引的关系。管理这种关系的规则可以表述如下：对于分区表，用于分区表达式中所有列必须为表的唯一索引的一部分。　　　　

换句话说，表的索引都必须使用分区表达式的所有列。(这也包括表的主键，因为它是一个唯一索引。这个具体情况稍后在本节中讨论。)例如，以下每个创建表语句是无效的:

	CREATE TABLE t1 (
	    col1 INT NOT NULL,
	    col2 DATE NOT NULL,
	    col3 INT NOT NULL,
	    col4 INT NOT NULL,
	    UNIQUE KEY (col1, col2)
	)
	PARTITION BY HASH(col3)
	PARTITIONS 4;
	
	CREATE TABLE t2 (
	    col1 INT NOT NULL,
	    col2 DATE NOT NULL,
	    col3 INT NOT NULL,
	    col4 INT NOT NULL,
	    UNIQUE KEY (col1),
	    UNIQUE KEY (col3)
	)
	PARTITION BY HASH(col1 + col3)
	PARTITIONS 4;

在每种情况下，上面的表的唯一索引没有全部包含分区表达式中的所有列。

下面的每一个语句是有效的，代表了一种修改上面无效的创建表语句的一种方法:

	CREATE TABLE t1 (
	    col1 INT NOT NULL,
	    col2 DATE NOT NULL,
	    col3 INT NOT NULL,
	    col4 INT NOT NULL,
	    UNIQUE KEY (col1, col2, col3)
	)
	PARTITION BY HASH(col3)
	PARTITIONS 4;
	
	CREATE TABLE t2 (
	    col1 INT NOT NULL,
	    col2 DATE NOT NULL,
	    col3 INT NOT NULL,
	    col4 INT NOT NULL,
	    UNIQUE KEY (col1, col3)
	)
	PARTITION BY HASH(col1 + col3)
	PARTITIONS 4;

这个例子显示在这种情况下产生的错误:

	mysql> CREATE TABLE t3 (
	    ->     col1 INT NOT NULL,
	    ->     col2 DATE NOT NULL,
	    ->     col3 INT NOT NULL,
	    ->     col4 INT NOT NULL,
	    ->     UNIQUE KEY (col1, col2),
	    ->     UNIQUE KEY (col3)
	    -> )
	    -> PARTITION BY HASH(col1 + col3)
	    -> PARTITIONS 4;
	ERROR 1491 (HY000): A PRIMARY KEY must include all columns in the table's partitioning function

[CREATE TABLE][13.01.17]语句失败，是因为col1和col3都包括在分区键中，但这些列都不是表中唯一索引的一部分。下面显示了一种修复无效的表定义的方法：

	mysql> CREATE TABLE t3 (
	    ->     col1 INT NOT NULL,
	    ->     col2 DATE NOT NULL,
	    ->     col3 INT NOT NULL,
	    ->     col4 INT NOT NULL,
	    ->     UNIQUE KEY (col1, col2, col3),
	    ->     UNIQUE KEY (col3)
	    -> )
	    -> PARTITION BY HASH(col3)
	    -> PARTITIONS 4;
	Query OK, 0 rows affected (0.05 sec)

在这种情况下，分区键col3都是两个唯一索引的一部分，表创建语句成功。

下面的表不能分区，因为没有办法包含一个分区键同时属于两个唯一索引:

	CREATE TABLE t4 (
	    col1 INT NOT NULL,
	    col2 INT NOT NULL,
	    col3 INT NOT NULL,
	    col4 INT NOT NULL,
	    UNIQUE KEY (col1, col3),
	    UNIQUE KEY (col2, col4)
	);

既然每一个主键都被定义为唯一索引，如果表有主键，这个限制也适用于表的主键。例如，接下来的两个语句是无效的：

	CREATE TABLE t5 (
	    col1 INT NOT NULL,
	    col2 DATE NOT NULL,
	    col3 INT NOT NULL,
	    col4 INT NOT NULL,
	    PRIMARY KEY(col1, col2)
	)
	PARTITION BY HASH(col3)
	PARTITIONS 4;
	
	CREATE TABLE t6 (
	    col1 INT NOT NULL,
	    col2 DATE NOT NULL,
	    col3 INT NOT NULL,
	    col4 INT NOT NULL,
	    PRIMARY KEY(col1, col3),
	    UNIQUE KEY(col2)
	)
	PARTITION BY HASH( YEAR(col2) )
	PARTITIONS 4;

在这两种情况下，主键不包括分区表达式中引用的所有列。然而，下面两个语句都是有效的:

	CREATE TABLE t7 (
	    col1 INT NOT NULL,
	    col2 DATE NOT NULL,
	    col3 INT NOT NULL,
	    col4 INT NOT NULL,
	    PRIMARY KEY(col1, col2)
	)
	PARTITION BY HASH(col1 + YEAR(col2))
	PARTITIONS 4;
	
	CREATE TABLE t8 (
	    col1 INT NOT NULL,
	    col2 DATE NOT NULL,
	    col3 INT NOT NULL,
	    col4 INT NOT NULL,
	    PRIMARY KEY(col1, col2, col4),
	    UNIQUE KEY(col2, col1)
	)
	PARTITION BY HASH(col1 + YEAR(col2))
	PARTITIONS 4;

如果一个表没有唯一索引——这包括没有主键——然后这种限制并不适用，您可以在分区表达式使用任何列，只要列数据类型适合于分区类型。　　　　

出于同样的原因，你之后不能给分区表添加一个唯一索引，除非唯一索引包含表的分区表达式所有列。参考下面分区表所示：

	mysql> CREATE TABLE t_no_pk (c1 INT, c2 INT)
	    ->     PARTITION BY RANGE(c1) (
	    ->         PARTITION p0 VALUES LESS THAN (10),
	    ->         PARTITION p1 VALUES LESS THAN (20),
	    ->         PARTITION p2 VALUES LESS THAN (30),
	    ->         PARTITION p3 VALUES LESS THAN (40)
	    ->     );
	Query OK, 0 rows affected (0.12 sec)

可以使用ALTER TABLE语句给 t_no_pk表添加一个主键:

	#  possible PK
	mysql> ALTER TABLE t_no_pk ADD PRIMARY KEY(c1);
	Query OK, 0 rows affected (0.13 sec)
	Records: 0  Duplicates: 0  Warnings: 0
	
	# drop this PK
	mysql> ALTER TABLE t_no_pk DROP PRIMARY KEY;
	Query OK, 0 rows affected (0.10 sec)
	Records: 0  Duplicates: 0  Warnings: 0
	
	#  use another possible PK
	mysql> ALTER TABLE t_no_pk ADD PRIMARY KEY(c1, c2);
	Query OK, 0 rows affected (0.12 sec)
	Records: 0  Duplicates: 0  Warnings: 0
	
	# drop this PK
	mysql> ALTER TABLE t_no_pk DROP PRIMARY KEY;
	Query OK, 0 rows affected (0.09 sec)
	Records: 0  Duplicates: 0  Warnings: 0

然而，下面语句失败，因为c1是分区键的一部分，但不是主键的一部分：

	#  fails with error 1503
	mysql> ALTER TABLE t_no_pk ADD PRIMARY KEY(c2);
	ERROR 1503 (HY000): A PRIMARY KEY must include all columns in the table's partitioning function

因为t_no_pk表分区表达式只有c1，试图在c2列单独添加一个唯一索引会失败。然而，你可以使用c1和c2列添加一个唯一索引。　　　　

这些规则同样适用于现有的非分区表，如果你想使用 ALTER TABLE ... PARTITION BY对这些非分区表进行分区。参照下面所创建的np_pk表：

	mysql> CREATE TABLE np_pk (
	    ->     id INT NOT NULL AUTO_INCREMENT,
	    ->     name VARCHAR(50),
	    ->     added DATE,
	    ->     PRIMARY KEY (id)
	    -> );
	Query OK, 0 rows affected (0.08 sec)

以下[ALTER TABLE][13.01.07#13.1.7.1]语句因错误而失败，因为 added 列不属于表的任何唯一索引:

	mysql> ALTER TABLE np_pk
	    ->     PARTITION BY HASH( TO_DAYS(added) )
	    ->     PARTITIONS 4;
	ERROR 1503 (HY000): A PRIMARY KEY must include all columns in the table's partitioning function

然而，这条语句使用id列作为分区列是有效的，如下所示:

	mysql> ALTER TABLE np_pk
	    ->     PARTITION BY HASH(id)
	    ->     PARTITIONS 4;
	Query OK, 0 rows affected (0.11 sec)
	Records: 0  Duplicates: 0  Warnings: 0

对于 np_pk表，唯一可以作为分区表达式的列只有id；如果你想在分区表达式中使用任何其它列来分区，您必须首先修改表，要么添加所需的列到主键，要么全部删除主键。


[13.01.17]:../Chapter_13/13.01.17_CREATE_TABLE_Syntax.md
[13.01.07#13.1.7.1]:../Chapter_13/13.01.07_ALTER_TABLE_Partition_Operations.md#13.1.7.1