# Partition_Selection

#19.5.0.分区选择

当执行一个语句，MySQL 5.6支持显式指定分区和子分区，来查询满足WHERE条件的行。分区选择类似于分区修剪，只对指定的分区检查匹配的行，但有两个关键方面不同:

1. 分区检查需要在语句中声明，而分区修剪是自动的。
2. 分区修剪仅适用于查询，显式指定分区支持查询和大量的DML语句。


下面列出支持显式选择分区的SQL语句:

- [SELECT][13.02.09]
- [DELETE][13.02.02]
- [INSERT][13.02.05]
- [REPLACE][13.02.08]
- [UPDATE][13.02.11]
- [LOAD DATA][13.02.06]
- [LOAD XML][13.02.07]

本节的其余部分讨论显式选择分区，它普遍适用于上面列出的语句，并提供了一些例子。　　　　

显式分区选择是通过PARTITION选项实现。对于所有支持的语句，这个选项语法如下所示:


     PARTITION (partition_names)

      partition_names:
          partition_name, ...

这个选项总是跟随分区表的表名后面。*partition_names*是一个以逗号分隔分区或子分区的列表。这个列表中的每个名字必须是特定的数据表中存在的分区或子分区，如果任何一个分区或子分区不存在，语句以错误 (partition 'partition_name' doesn't exist)而失败。分区和子分区在 partition_names可以以任何顺序列出，并可以重叠。

当 PARTITION选项被使用，只有列出的分区和子分区用于检查匹配行。这个选项可以用在一个SELECT语句来确定哪些行属于指定的分区。考虑一个 employees分区表，使用以下语句创建并填充:

    SET @@SQL_MODE = '';

    CREATE TABLE employees  (
	    id INT NOT NULL AUTO_INCREMENT PRIMARY KEY,
	    fname VARCHAR(25) NOT NULL,
	    lname VARCHAR(25) NOT NULL,
	    store_id INT NOT NULL,
	    department_id INT NOT NULL
	)   
	    PARTITION BY RANGE(id)  (
	        PARTITION p0 VALUES LESS THAN (5),
	        PARTITION p1 VALUES LESS THAN (10),
	        PARTITION p2 VALUES LESS THAN (15),
	        PARTITION p3 VALUES LESS THAN MAXVALUE
    );

    INSERT INTO employees VALUES
	    ('', 'Bob', 'Taylor', 3, 2), ('', 'Frank', 'Williams', 1, 2), 
	    ('', 'Ellen', 'Johnson', 3, 4), ('', 'Jim', 'Smith', 2, 4),  
	    ('', 'Mary', 'Jones', 1, 1), ('', 'Linda', 'Black', 2, 3),
	    ('', 'Ed', 'Jones', 2, 1), ('', 'June', 'Wilson', 3, 1), 
	    ('', 'Andy', 'Smith', 1, 3), ('', 'Lou', 'Waters', 2, 4),  
	    ('', 'Jill', 'Stone', 1, 4), ('', 'Roger', 'White', 3, 2),
	    ('', 'Howard', 'Andrews', 1, 2), ('', 'Fred', 'Goldberg', 3, 3), 
	    ('', 'Barbara', 'Brown', 2, 3), ('', 'Alice', 'Rogers', 2, 2),  
	    ('', 'Mark', 'Morgan', 3, 3), ('', 'Karen', 'Cole', 3, 2);

你能看到哪些行存储在p1分区如下:

    mysql> SELECT * FROM employees PARTITION (p1);
    +----+-------+--------+----------+---------------+
    | id | fname | lname  | store_id | department_id |
    +----+-------+--------+----------+---------------+
    |  5 | Mary  | Jones  |        1 |             1 |
    |  6 | Linda | Black  |        2 |             3 |
    |  7 | Ed    | Jones  |        2 |             1 |
    |  8 | June  | Wilson |        3 |             1 |
    |  9 | Andy  | Smith  |        1 |             3 |
    +----+-------+--------+----------+---------------+
    5 rows in set (0.00 sec)

也可以通过这样的查询SELECT * FROM employees WHERE id BETWEEN 5 AND 9获得一样的结果。

从多个分区获取行，它们的名字作为一个逗号分隔的列表。例如 SELECT * FROM employees PARTITION (p1, p2)从分区p1和p2返回所有行，然而不包含剩下分区的行。

分区表的任何有效的查询可以使用PARTITION选项重写来限制获取一个或多个分区的结果。您可也以使用WHERE的条件，ORDER BY 和 LIMIT 选项等等。您还可以使用有having和GROUP BY选项的聚合函数。对于前面定义的employees表，以下的每个查询都能生成一个有效的结果:

    mysql> SELECT * FROM employees PARTITION (p0, p2)
    	->     WHERE lname LIKE 'S%';
    +----+-------+-------+----------+---------------+
    | id | fname | lname | store_id | department_id |
    +----+-------+-------+----------+---------------+
    |  4 | Jim   | Smith |        2 |             4 |
    | 11 | Jill  | Stone |        1 |             4 |
    +----+-------+-------+----------+---------------+
    2 rows in set (0.00 sec)

    mysql> SELECT id, CONCAT(fname, ' ', lname) AS name 
    	->     FROM employees PARTITION (p0) ORDER BY lname;
    +----+----------------+
    | id | name           |
    +----+----------------+
    |  3 | Ellen Johnson  |
    |  4 | Jim Smith      |
    |  1 | Bob Taylor     |
    |  2 | Frank Williams |
    +----+----------------+
    4 rows in set (0.06 sec)

    mysql> SELECT store_id, COUNT(department_id) AS c 
	    ->     FROM employees PARTITION (p1,p2,p3) 
	    ->     GROUP BY store_id HAVING c > 4;
    +---+----------+
    | c | store_id |
    +---+----------+
    | 5 |        2 |
    | 5 |        3 |
    +---+----------+
    2 rows in set (0.00 sec)


使用分区选择的语句可以使用该表的分区类型。当一个表使用[LINEAR] HASH 或 [LINEAR] KEY分区并且没有为分区指定名称，MySQL自动将分区命名为p0,p1,p2,……,pn-11，N是分区的数量。对子分区没有明确指定名称，MySQL为每个分区PX的子分区自动分配名称pXsp1，pXsp0 pX,pXsp2,……,pXspM-1，M是子分区的数量。当对表执行一个查询(或者其他允许显示选择分区的SQL语句)，你在分区选项中可以使用这些生成的名字，如下所示:

    mysql> CREATE TABLE employees_sub  (
	    ->     id INT NOT NULL AUTO_INCREMENT,
	    ->     fname VARCHAR(25) NOT NULL,
	    ->     lname VARCHAR(25) NOT NULL,
	    ->     store_id INT NOT NULL,
	    ->     department_id INT NOT NULL,
	    ->     PRIMARY KEY pk (id, lname)
	    -> )   
	    ->     PARTITION BY RANGE(id)
	    ->     SUBPARTITION BY KEY (lname)
	    ->     SUBPARTITIONS 2 (
	    ->         PARTITION p0 VALUES LESS THAN (5),
	    ->         PARTITION p1 VALUES LESS THAN (10),
	    ->         PARTITION p2 VALUES LESS THAN (15),
	    ->         PARTITION p3 VALUES LESS THAN MAXVALUE
	    -> );
    Query OK, 0 rows affected (1.14 sec)

    mysql> INSERT INTO employees_sub   # re-use data in employees table
    	->     SELECT * FROM employees;
    Query OK, 18 rows affected (0.09 sec)
    Records: 18  Duplicates: 0  Warnings: 0

    mysql> SELECT id, CONCAT(fname, ' ', lname) AS name
    	->     FROM employees_sub PARTITION (p2sp1);
    +----+---------------+
    | id | name          |
    +----+---------------+
    | 10 | Lou Waters    |
    | 14 | Fred Goldberg |
    +----+---------------+
    2 rows in set (0.00 sec)

你也可以在[INSERT ... SELECT][13.02.05#13.2.5.1]语句select部分使用 PARTITION选项，如下所示:

    mysql> CREATE TABLE employees_copy LIKE employees;
    Query OK, 0 rows affected (0.28 sec)

    mysql> INSERT INTO employees_copy 
    	->     SELECT * FROM employees PARTITION (p2);
    Query OK, 5 rows affected (0.04 sec)
    Records: 5  Duplicates: 0  Warnings: 0

    mysql> SELECT * FROM employees_copy;
    +----+--------+----------+----------+---------------+
    | id | fname  | lname    | store_id | department_id |
    +----+--------+----------+----------+---------------+
    | 10 | Lou    | Waters   |        2 |             4 |
    | 11 | Jill   | Stone    |        1 |             4 |
    | 12 | Roger  | White    |        3 |             2 |
    | 13 | Howard | Andrews  |        1 |             2 |
    | 14 | Fred   | Goldberg |        3 |             3 |
    +----+--------+----------+----------+---------------+
    5 rows in set (0.00 sec)

分区选择也可以用于连接。假设我们使用下列语句创建和填充两个表:

    CREATE TABLE stores (
	    id INT NOT NULL AUTO_INCREMENT PRIMARY KEY,
	    city VARCHAR(30) NOT NULL
    )
    PARTITION BY HASH(id)
    PARTITIONS 2;
    
    INSERT INTO stores VALUES
	    ('', 'Nambucca'), ('', 'Uranga'), 
	    ('', 'Bellingen'), ('', 'Grafton');
    
    CREATE TABLE departments  (
	    id INT NOT NULL AUTO_INCREMENT PRIMARY KEY,
	    name VARCHAR(30) NOT NULL
    )
	    PARTITION BY KEY(id)
	    PARTITIONS 2;
    
    INSERT INTO departments VALUES
	    ('', 'Sales'), ('', 'Customer Service'), 
	    ('', 'Delivery'), ('', 'Accounting');


您可以从联接表中显式地选择分区(或子分区，或两者)。(注意,用于选择分区的分区选项紧紧跟随表的名称之后，在所有其他选项之前，包括任何表别名之前)。例如，下面的查询是获取工作在Nambucca或Bellingen（stores 表的p0分区）城市的销售或递送部门(departments表的p1分区)的员工名、雇员ID、部门和城市:

    mysql> SELECT
	    ->     e.id AS 'Employee ID', CONCAT(e.fname, ' ', e.lname) AS Name,
	    ->     s.city AS City, d.name AS department
	    -> FROM employees AS e
	    ->     JOIN stores PARTITION (p1) AS s ON e.store_id=s.id
	    ->     JOIN departments PARTITION (p0) AS d ON e.department_id=d.id
	    -> ORDER BY e.lname;
    +-------------+---------------+-----------+------------+
    | Employee ID | Name          | City      | department |
    +-------------+---------------+-----------+------------+
    |          14 | Fred Goldberg | Bellingen | Delivery   |
    |           5 | Mary Jones    | Nambucca  | Sales      |
    |          17 | Mark Morgan   | Bellingen | Delivery   |
    |           9 | Andy Smith    | Nambucca  | Delivery   |
    |           8 | June Wilson   | Bellingen | Sales      |
    +-------------+---------------+-----------+------------+
    5 rows in set (0.00 sec)

关于MySQL联接的一般信息，见[Section 13.2.9.2, “JOIN Syntax”][13.02.09]。　　　　

当分区选项用于DELETE语句，只有选项列出那些分区(和子分区)的行被删除。其他任何分区被忽略，如下所示:

     mysql> SELECT * FROM employees WHERE fname LIKE 'j%';
     +----+-------+--------+----------+---------------+
     | id | fname | lname  | store_id | department_id |
     +----+-------+--------+----------+---------------+
     |  4 | Jim   | Smith  |        2 |             4 |
     |  8 | June  | Wilson |        3 |             1 |
     | 11 | Jill  | Stone  |        1 |             4 |
     +----+-------+--------+----------+---------------+
     3 rows in set (0.00 sec)

    mysql> DELETE FROM employees PARTITION (p0, p1) 
    	->     WHERE fname LIKE 'j%';
    Query OK, 2 rows affected (0.09 sec)

    mysql> SELECT * FROM employees WHERE fname LIKE 'j%';
    +----+-------+-------+----------+---------------+
    | id | fname | lname | store_id | department_id |
    +----+-------+-------+----------+---------------+
    | 11 | Jill  | Stone |        1 |             4 |
    +----+-------+-------+----------+---------------+
    1 row in set (0.00 sec)

在p0,p1分区只有两行匹配WHERE条件。正如再运行一次查询您看到的结果一样，表中仍有一行匹配的条件，但它属于一个不同的分区(p2)。　　　　

[UPDATE][13.02.11]语句使用显式分区选择的行为是一样的；只有分区选项指定的分区中的匹配的行更新，可以通过执行以下语句看到结果:

	mysql> UPDATE employees PARTITION (p0) 
	    ->     SET store_id = 2 WHERE fname = 'Jill';
	Query OK, 0 rows affected (0.00 sec)
	Rows matched: 0  Changed: 0  Warnings: 0
	
	mysql> SELECT * FROM employees WHERE fname = 'Jill';
	+----+-------+-------+----------+---------------+
	| id | fname | lname | store_id | department_id |
	+----+-------+-------+----------+---------------+
	| 11 | Jill  | Stone |        1 |             4 |
	+----+-------+-------+----------+---------------+
	1 row in set (0.00 sec)
	
	mysql> UPDATE employees PARTITION (p2)
	    ->     SET store_id = 2 WHERE fname = 'Jill';
	Query OK, 1 row affected (0.09 sec)
	Rows matched: 1  Changed: 1  Warnings: 0
	
	mysql> SELECT * FROM employees WHERE fname = 'Jill';
	+----+-------+-------+----------+---------------+
	| id | fname | lname | store_id | department_id |
	+----+-------+-------+----------+---------------+
	| 11 | Jill  | Stone |        2 |             4 |
	+----+-------+-------+----------+---------------+
	1 row in set (0.00 sec)

	
同样的，当DELETE使用PARTITION选项时，只有在分区列表中的分区的数据行会被检查。

INSERT语句，主要区别在于未能找到合适的分区会引起语句失败。这对插入和替换语句都是适用的，如下所示:
	
    mysql> INSERT INTO employees PARTITION (p2) VALUES (20, 'Jan', 'Jones', 1, 3);
	ERROR 1729 (HY000): Found a row not matching the given partition set
	mysql> INSERT INTO employees PARTITION (p3) VALUES (20, 'Jan', 'Jones', 1, 3);
	Query OK, 1 row affected (0.07 sec)
	
	mysql> REPLACE INTO employees PARTITION (p0) VALUES (20, 'Jan', 'Jones', 3, 2);
	ERROR 1729 (HY000): Found a row not matching the given partition set
	
	mysql> REPLACE INTO employees PARTITION (p3) VALUES (20, 'Jan', 'Jones', 3, 2);
	Query OK, 2 rows affected (0.09 sec)


对于InnoDB分区表的一条语句写入多行，如果有任何一行的值不能被写入到分区选项指定的分区列表的分区中，那么整个语句失败以及没有行被写入。在接下来的例子中展示INSERT语句，重用前面创建的员工表:

	mysql> ALTER TABLE employees
	    ->     REORGANIZE PARTITION p3 INTO (
	    ->         PARTITION p3 VALUES LESS THAN (20),
	    ->         PARTITION p4 VALUES LESS THAN (25),
	    ->         PARTITION p5 VALUES LESS THAN MAXVALUE
	    ->     );
	Query OK, 6 rows affected (2.09 sec)
	Records: 6  Duplicates: 0  Warnings: 0
	
	mysql> SHOW CREATE TABLE employees\G
	*************************** 1. row ***************************
	       Table: employees
	Create Table: CREATE TABLE `employees` (
	  `id` int(11) NOT NULL AUTO_INCREMENT,
	  `fname` varchar(25) NOT NULL,
	  `lname` varchar(25) NOT NULL,
	  `store_id` int(11) NOT NULL,
	  `department_id` int(11) NOT NULL,
	  PRIMARY KEY (`id`)
	) ENGINE=InnoDB AUTO_INCREMENT=27 DEFAULT CHARSET=latin1
	/*!50100 PARTITION BY RANGE (id)
	(PARTITION p0 VALUES LESS THAN (5) ENGINE = InnoDB,
	 PARTITION p1 VALUES LESS THAN (10) ENGINE = InnoDB,
	 PARTITION p2 VALUES LESS THAN (15) ENGINE = InnoDB,
	 PARTITION p3 VALUES LESS THAN (20) ENGINE = InnoDB,
	 PARTITION p4 VALUES LESS THAN (25) ENGINE = InnoDB,
	 PARTITION p5 VALUES LESS THAN MAXVALUE ENGINE = InnoDB) */
	1 row in set (0.00 sec)
	
	mysql> INSERT INTO employees PARTITION (p3, p4) VALUES 
	    ->     (24, 'Tim', 'Greene', 3, 1),  (26, 'Linda', 'Mills', 2, 1);
	ERROR 1729 (HY000): Found a row not matching the given partition set
	
	mysql> INSERT INTO employees PARTITION (p3, p4. p5) VALUES 
	    ->     (24, 'Tim', 'Greene', 3, 1),  (26, 'Linda', 'Mills', 2, 1);
	Query OK, 2 rows affected (0.06 sec)
	Records: 2  Duplicates: 0  Warnings: 0

对于[INSERT][13.02.05]语句和[REPLACE][13.02.08]语句插入多行的情况，前面的描述都是真实的。

MySQL 5.6.10和以后版本，对于那些使用带有自动分区功能的存储引擎的分区表，将禁止使用分区选择，如NDB。(bug# 14827952)


[13.02.02]:../Chapter_13/13.02.02_DELETE_Syntax.md
[13.02.05]:../Chapter_13/13.02.05_INSERT_Syntax.md
[13.02.05#13.2.5.1]:../Chapter_13/13.02.05_INSERT_Syntax.md#13.2.5.1
[13.02.06]:../Chapter_13/13.02.06_LOAD_DATA_INFILE_Syntax.md
[13.02.07]:../Chapter_13/13.02.07_LOAD_XML_Syntax.md
[13.02.08]:../Chapter_13/13.02.08_REPLACE_Syntax.md
[13.02.09]:../Chapter_13/13.02.09_SELECT_Syntax.md
[13.02.11]:../Chapter_13/13.02.11_UPDATE_Syntax.md